[1/73] 19551 基礎 赫拉克羅斯 (基礎) 001/076 img=396546B
[2/73] 19552 基礎 溜溜糖球 (基礎) 002/076 img=439156B
[3/73] 19553 1階進化 雨翅蛾 (1階進化) 003/076 img=417998B
[4/73] 19554 基礎 刺球仙人掌 (基礎) 004/076 img=322863B
[5/73] 19555 1階進化 夢歌仙人掌 (1階進化) 005/076 img=341564B
[6/73] 19556 基礎 三蜜蜂 (基礎) 006/076 img=389449B
[7/73] 19557 1階進化 蜂女王 (1階進化) 007/076 img=364853B
[8/73] 19558 基礎 膽小蟲 (基礎) 008/076 img=367248B
[9/73] 19559 1階進化 超級具甲武者ex (1階進化) 009/076 img=482781B
[10/73] 19560 基礎 卡蒂狗 (基礎) 010/076 img=389797B
[11/73] 19561 1階進化 風速狗 (1階進化) 011/076 img=447865B
[12/73] 19562 基礎 鴨嘴火獸 (基礎) 012/076 img=395714B
[13/73] 19563 1階進化 鴨嘴炎獸 (1階進化) 013/076 img=401794B
[14/73] 19564 基礎 煤炭龜 (基礎) 014/076 img=396912B
[15/73] 19565 基礎 加熱洛托姆ex (基礎) 015/076 img=443527B
[16/73] 19566 基礎 熔蟻獸 (基礎) 016/076 img=344727B
[17/73] 19567 基礎 巨翅飛魚 (基礎) 017/076 img=359095B
[18/73] 19568 基礎 蓋歐卡 (基礎) 018/076 img=465461B
[19/73] 19569 基礎 輕飄飄 (基礎) 019/076 img=345508B
[20/73] 19570 1階進化 胖嘟嘟 (1階進化) 020/076 img=357037B
[21/73] 19571 基礎 弱丁魚ex (基礎) 021/076 img=414198B
[22/73] 19572 基礎 電擊獸 (基礎) 022/076 img=350954B
[23/73] 19573 1階進化 電擊魔獸 (1階進化) 023/076 img=368195B
[24/73] 19574 基礎 雷公ex (基礎) 024/076 img=480787B
[25/73] 19575 基礎 雷電雲 (基礎) 025/076 img=366347B
[26/73] 19576 基礎 啪嚓海膽 (基礎) 026/076 img=279698B
[27/73] 19577 基礎 電海燕 (基礎) 027/076 img=236138B
[28/73] 19578 1階進化 大電海燕 (1階進化) 028/076 img=362254B
[29/73] 19579 基礎 催眠貘 (基礎) 029/076 img=271331B
[30/73] 19580 1階進化 引夢貘人 (1階進化) 030/076 img=383230B
[31/73] 19581 基礎 騎拉帝納 (基礎) 031/076 img=445107B
[32/73] 19582 基礎 泥偶小人 (基礎) 032/076 img=395139B
[33/73] 19583 1階進化 超級泥偶巨人ex (1階進化) 033/076 img=490180B
[34/73] 19584 基礎 眷戀雲 (基礎) 034/076 img=447035B
[35/73] 19585 基礎 穿山鼠 (基礎) 035/076 img=371285B
[36/73] 19586 1階進化 穿山王 (1階進化) 036/076 img=492528B
[37/73] 19587 基礎 大岩蛇 (基礎) 037/076 img=521757B
[38/73] 19588 1階進化 大鋼蛇 (1階進化) 038/076 img=438248B
[39/73] 19589 基礎 固拉多 (基礎) 039/076 img=486984B
[40/73] 19590 基礎 土地雲 (基礎) 040/076 img=426242B
[41/73] 19591 基礎 尼多蘭 (基礎) 041/076 img=498306B
[42/73] 19592 1階進化 尼多娜 (1階進化) 042/076 img=412364B
[43/73] 19593 2階進化 尼多后 (2階進化) 043/076 img=389652B
[44/73] 19594 基礎 圓絲蛛 (基礎) 044/076 img=345678B
[45/73] 19595 1階進化 阿利多斯 (1階進化) 045/076 img=414232B
[46/73] 19596 基礎 勾魂眼 (基礎) 046/076 img=502057B
[47/73] 19597 基礎 好啦魷 (基礎) 047/076 img=401374B
[48/73] 19598 1階進化 超級烏賊王ex (1階進化) 048/076 img=468677B
[49/73] 19599 基礎 赤面龍 (基礎) 049/076 img=450166B
[50/73] 19600 基礎 心鱗寶 (基礎) 050/076 img=374100B
[51/73] 19601 1階進化 鱗甲龍 (1階進化) 051/076 img=355421B
[52/73] 19602 2階進化 杖尾鱗甲龍 (2階進化) 052/076 img=379205B
[53/73] 19603 基礎 摩托蜥 (基礎) 053/076 img=290552B
[54/73] 19604 基礎 露力麗 (基礎) 054/076 img=302934B
[55/73] 19605 基礎 青綿鳥 (基礎) 055/076 img=341974B
[56/73] 19606 1階進化 七夕青鳥 (1階進化) 056/076 img=333973B
[57/73] 19607 基礎 變隱龍 (基礎) 057/076 img=306005B
[58/73] 19608 基礎 超級烈空坐ex (基礎) 058/076 img=498949B
[59/73] 19609 基礎 龍捲雲 (基礎) 059/076 img=370376B
[60/73] 19610 基礎 小箭雀 (基礎) 060/076 img=482048B
[61/73] 19611 1階進化 火箭雀 (1階進化) 061/076 img=354827B
[62/73] 19612 2階進化 烈箭鷹ex (2階進化) 062/076 img=446380B
[63/73] 19613 美味飯糰 (物品卡) 063/076 img=207161B
[64/73] 19614 冒險提燈 (物品卡) 064/076 img=196370B
[65/73] 19615 訂製背心 (寶可夢道具) 065/076 img=196127B
[66/73] 19616 超級烈空坐帽子 (寶可夢道具) 066/076 img=212834B
[67/73] 19617 主持人的帶動 (支援者卡) 067/076 img=215319B
[68/73] 19618 基利 (支援者卡) 068/076 img=218250B
[69/73] 19619 希嘉娜的信賴 (支援者卡) 069/076 img=201224B
[70/73] 19620 小楓與小南的修行 (支援者卡) 070/076 img=200309B
[71/73] 19621 傳說的海溝 (競技場卡) 071/076, 072/076 img=881606B
[72/73] 19622 傳說的山頂 (競技場卡) 073/076, 074/076 img=802130B
[73/73] 19623 傳說的熔岩洞 (競技場卡) 075/076, 076/076 img=852752B

DONE: 73 ok, 0 fail → C:\Users\antonio\Desktop\PTCG\ptcg-game\server\data\scraped-m6.json
Images in: C:\Users\antonio\Desktop\PTCG\ptcg-game\server\data\m6-images
