[2m下午10:55:32[22m [31m[1m[vite][22m[39m [31mhttp proxy error: /api/cards/sets[39m
AggregateError [ECONNREFUSED]: 
    at internalConnectMultiple (node:net:1194:18)
    at afterConnectMultiple (node:net:1784:7)
[2m下午10:55:32[22m [31m[1m[vite][22m[39m [31mhttp proxy error: /api/cards[39m
AggregateError [ECONNREFUSED]: 
    at internalConnectMultiple (node:net:1194:18)
    at afterConnectMultiple (node:net:1784:7)
[2m下午10:55:32[22m [31m[1m[vite][22m[39m [31mhttp proxy error: /api/cards/sets[39m
AggregateError [ECONNREFUSED]: 
    at internalConnectMultiple (node:net:1194:18)
    at afterConnectMultiple (node:net:1784:7)
[2m下午10:55:32[22m [31m[1m[vite][22m[39m [31mhttp proxy error: /api/cards[39m
AggregateError [ECONNREFUSED]: 
    at internalConnectMultiple (node:net:1194:18)
    at afterConnectMultiple (node:net:1784:7)
[2m下午10:55:40[22m [31m[1m[vite][22m[39m [31mhttp proxy error: /api/cards[39m
AggregateError [ECONNREFUSED]: 
    at internalConnectMultiple (node:net:1194:18)
    at afterConnectMultiple (node:net:1784:7)
[2m下午10:55:40[22m [31m[1m[vite][22m[39m [31mhttp proxy error: /api/cards/sets[39m
AggregateError [ECONNREFUSED]: 
    at internalConnectMultiple (node:net:1194:18)
    at afterConnectMultiple (node:net:1784:7)
[2m下午10:55:40[22m [31m[1m[vite][22m[39m [31mhttp proxy error: /api/cards[39m
AggregateError [ECONNREFUSED]: 
    at internalConnectMultiple (node:net:1194:18)
    at afterConnectMultiple (node:net:1784:7)
[2m下午10:55:40[22m [31m[1m[vite][22m[39m [31mhttp proxy error: /api/cards/sets[39m
AggregateError [ECONNREFUSED]: 
    at internalConnectMultiple (node:net:1194:18)
    at afterConnectMultiple (node:net:1784:7)
[2m下午10:55:42[22m [31m[1m[vite][22m[39m [31mhttp proxy error: /api/cards[39m
AggregateError [ECONNREFUSED]: 
    at internalConnectMultiple (node:net:1194:18)
    at afterConnectMultiple (node:net:1784:7)
[2m下午10:55:42[22m [31m[1m[vite][22m[39m [31mhttp proxy error: /api/cards/sets[39m
AggregateError [ECONNREFUSED]: 
    at internalConnectMultiple (node:net:1194:18)
    at afterConnectMultiple (node:net:1784:7)
[2m下午10:55:42[22m [31m[1m[vite][22m[39m [31mhttp proxy error: /api/cards[39m
AggregateError [ECONNREFUSED]: 
    at internalConnectMultiple (node:net:1194:18)
    at afterConnectMultiple (node:net:1784:7)
[2m下午10:55:42[22m [31m[1m[vite][22m[39m [31mhttp proxy error: /api/cards/sets[39m
AggregateError [ECONNREFUSED]: 
    at internalConnectMultiple (node:net:1194:18)
    at afterConnectMultiple (node:net:1784:7)
[2m下午10:55:45[22m [31m[1m[vite][22m[39m [31mhttp proxy error: /api/cards[39m
AggregateError [ECONNREFUSED]: 
    at internalConnectMultiple (node:net:1194:18)
    at afterConnectMultiple (node:net:1784:7)
[2m下午10:55:45[22m [31m[1m[vite][22m[39m [31mhttp proxy error: /api/cards/sets[39m
AggregateError [ECONNREFUSED]: 
    at internalConnectMultiple (node:net:1194:18)
    at afterConnectMultiple (node:net:1784:7)
[2m下午10:55:45[22m [31m[1m[vite][22m[39m [31mhttp proxy error: /api/cards[39m
AggregateError [ECONNREFUSED]: 
    at internalConnectMultiple (node:net:1194:18)
    at afterConnectMultiple (node:net:1784:7)
[2m下午10:55:45[22m [31m[1m[vite][22m[39m [31mhttp proxy error: /api/cards/sets[39m
AggregateError [ECONNREFUSED]: 
    at internalConnectMultiple (node:net:1194:18)
    at afterConnectMultiple (node:net:1784:7)
