
> @ptcg/server@1.0.0 dev
> tsx watch src/index.ts

PTCG Server running on port 3001
INFO: App serving on 3001...
下午10:33:41 [tsx] change in ./..\node_modules\@babel\runtime\helpers\defineProperty.js Restarting...
c下午10:33:41 [tsx] unlink in ./..\node_modules\@babel\runtime\helpers\toPrimitive.js Restarting...
c下午10:33:41 [tsx] unlink in ./..\node_modules\@hapi\bourne\lib\index.js Restarting...
c下午10:33:41 [tsx] unlink in ./..\node_modules\@noble\hashes\cryptoNode.js Restarting...
c下午10:33:42 [tsx] change in ./..\node_modules\@paralleldrive\cuid2\index.js Restarting...
c下午10:33:42 [tsx] unlink in ./..\node_modules\@paralleldrive\cuid2\src\index.js Restarting...
c下午10:33:42 [tsx] unlink in ./src\routes\images.ts Restarting...
c下午10:33:43 [tsx] unlink in ./..\node_modules\boardgame.io\dist\cjs\server.js Restarting...
c下午10:33:43 [tsx] unlink in ./..\node_modules\call-bound\index.js Restarting...
cnode:events:487
      throw er; // Unhandled 'error' event
      ^

Error: listen EADDRINUSE: address already in use :::3001
    at Server.setupListenHandle [as _listen2] (node:net:2009:16)
    at listenInCluster (node:net:2066:12)
    at Server.listen (node:net:2171:7)
    at Application.listen (C:\Users\antonio\Desktop\PTCG\ptcg-game\node_modules\koa-socket-2\index.js:112:27)
    at C:\Users\antonio\Desktop\PTCG\ptcg-game\node_modules\boardgame.io\dist\cjs\server.js:4047:33
    at new Promise (<anonymous>)
    at Object.run (C:\Users\antonio\Desktop\PTCG\ptcg-game\node_modules\boardgame.io\dist\cjs\server.js:4046:19)
Emitted 'error' event on Server instance at:
    at emitErrorNT (node:net:2045:8)
    at process.processTicksAndRejections (node:internal/process/task_queues:90:21) {
  code: 'EADDRINUSE',
  errno: -4091,
  syscall: 'listen',
  address: '::',
  port: 3001
}

Node.js v24.18.0
下午10:33:44 [tsx] unlink in ./..\node_modules\component-emitter\index.js Rerunning...
c下午10:33:44 [tsx] unlink in ./..\node_modules\ee-first\index.js Restarting...
c下午10:33:45 [tsx] unlink in ./..\node_modules\eventemitter3\index.js Restarting...
c下午10:33:45 [tsx] unlink in ./..\node_modules\has-tostringtag\shams.js Restarting...
c下午10:33:46 [tsx] unlink in ./..\node_modules\path-to-regexp\dist\index.js Restarting...
c下午10:33:46 [tsx] unlink in ./..\node_modules\raw-body\node_modules\http-errors\index.js Restarting...
c下午10:33:47 [tsx] unlink in ./..\node_modules\redux\lib\redux.js Restarting...
c下午10:33:47 [tsx] unlink in ./..\node_modules\rfc6902\util.js Restarting...
cPTCG Server running on port 3001
INFO: App serving on 3001...
下午10:33:49 [tsx] unlink in ./..\node_modules\side-channel\index.js Restarting...
c下午10:33:50 [tsx] change in ./..\node_modules\statuses\index.js Restarting...
c下午10:33:50 [tsx] unlink in ./..\node_modules\supports-color\index.js Restarting...
c下午10:33:51 [tsx] change in ./..\node_modules\tsx\dist\lexer-DgIbo0BU.cjs Restarting...
c下午10:33:51 [tsx] unlink in ./..\node_modules\type-is\index.js Restarting...
c下午10:33:51 [tsx] unlink in ./..\node_modules\vary\index.js Restarting...
c下午10:33:51 [tsx] change in ./..\node_modules\wrappy\wrappy.js Restarting...
c下午10:33:52 [tsx] unlink in ./..\node_modules\ylru\index.js Restarting...
c下午10:33:52 [tsx] unlink in ./..\node_modules\zod\v3\types.cjs Restarting...
c下午10:33:52 [tsx] unlink in ./src\routes\images.ts Restarting...
cnode:events:487
      throw er; // Unhandled 'error' event
      ^

Error: listen EADDRINUSE: address already in use :::3001
    at Server.setupListenHandle [as _listen2] (node:net:2009:16)
    at listenInCluster (node:net:2066:12)
    at Server.listen (node:net:2171:7)
    at Application.listen (C:\Users\antonio\Desktop\PTCG\ptcg-game\node_modules\koa-socket-2\index.js:112:27)
    at C:\Users\antonio\Desktop\PTCG\ptcg-game\node_modules\boardgame.io\dist\cjs\server.js:4047:33
    at new Promise (<anonymous>)
    at Object.run (C:\Users\antonio\Desktop\PTCG\ptcg-game\node_modules\boardgame.io\dist\cjs\server.js:4046:19)
Emitted 'error' event on Server instance at:
    at emitErrorNT (node:net:2045:8)
    at process.processTicksAndRejections (node:internal/process/task_queues:90:21) {
  code: 'EADDRINUSE',
  errno: -4091,
  syscall: 'listen',
  address: '::',
  port: 3001
}

Node.js v24.18.0
下午10:56:34 [tsx] change in ./..\node_modules\@babel\runtime\helpers\typeof.js Rerunning...
cnode:events:487
      throw er; // Unhandled 'error' event
      ^

Error: listen EADDRINUSE: address already in use :::3001
    at Server.setupListenHandle [as _listen2] (node:net:2009:16)
    at listenInCluster (node:net:2066:12)
    at Server.listen (node:net:2171:7)
    at Application.listen (C:\Users\antonio\Desktop\PTCG\ptcg-game\node_modules\koa-socket-2\index.js:112:27)
    at C:\Users\antonio\Desktop\PTCG\ptcg-game\node_modules\boardgame.io\dist\cjs\server.js:4047:33
    at new Promise (<anonymous>)
    at Object.run (C:\Users\antonio\Desktop\PTCG\ptcg-game\node_modules\boardgame.io\dist\cjs\server.js:4046:19)
Emitted 'error' event on Server instance at:
    at emitErrorNT (node:net:2045:8)
    at process.processTicksAndRejections (node:internal/process/task_queues:90:21) {
  code: 'EADDRINUSE',
  errno: -4091,
  syscall: 'listen',
  address: '::',
  port: 3001
}

Node.js v24.18.0
下午10:56:34 [tsx] change in ./..\node_modules\@paralleldrive\cuid2\index.js Rerunning...
c下午10:56:35 [tsx] unlink in ./..\node_modules\@paralleldrive\cuid2\src\index.js Restarting...
c下午10:56:35 [tsx] unlink in ./src\routes\battles.ts Restarting...
c下午10:56:35 [tsx] change in ./..\node_modules\accepts\index.js Restarting...
c下午10:56:35 [tsx] unlink in ./..\node_modules\asap\raw.js Restarting...
c下午10:56:35 [tsx] unlink in ./..\node_modules\boardgame.io\dist\cjs\server.js Restarting...
c下午10:56:36 [tsx] unlink in ./..\node_modules\call-bound\index.js Restarting...
cnode:events:487
      throw er; // Unhandled 'error' event
      ^

Error: listen EADDRINUSE: address already in use :::3001
    at Server.setupListenHandle [as _listen2] (node:net:2009:16)
    at listenInCluster (node:net:2066:12)
    at Server.listen (node:net:2171:7)
    at Application.listen (C:\Users\antonio\Desktop\PTCG\ptcg-game\node_modules\koa-socket-2\index.js:112:27)
    at C:\Users\antonio\Desktop\PTCG\ptcg-game\node_modules\boardgame.io\dist\cjs\server.js:4047:33
    at new Promise (<anonymous>)
    at Object.run (C:\Users\antonio\Desktop\PTCG\ptcg-game\node_modules\boardgame.io\dist\cjs\server.js:4046:19)
Emitted 'error' event on Server instance at:
    at emitErrorNT (node:net:2045:8)
    at process.processTicksAndRejections (node:internal/process/task_queues:90:21) {
  code: 'EADDRINUSE',
  errno: -4091,
  syscall: 'listen',
  address: '::',
  port: 3001
}

Node.js v24.18.0
下午10:56:37 [tsx] unlink in ./..\node_modules\qs\lib\utils.js Rerunning...
c下午10:56:37 [tsx] change in ./..\node_modules\redux\lib\redux.js Restarting...
c下午10:56:37 [tsx] unlink in ./..\node_modules\rfc6902\util.js Restarting...
cPTCG Server running on port 3001
INFO: App serving on 3001...
下午10:56:39 [tsx] change in ./..\node_modules\statuses\index.js Restarting...
c下午10:56:39 [tsx] unlink in ./..\node_modules\supports-color\index.js Restarting...
cPTCG Server running on port 3001
INFO: App serving on 3001...
下午10:56:40 [tsx] unlink in ./..\node_modules\toidentifier\index.js Restarting...
c下午10:56:40 [tsx] change in ./..\node_modules\vary\index.js Restarting...
c下午10:56:40 [tsx] unlink in ./..\node_modules\zod\index.cjs Restarting...
c下午10:56:41 [tsx] unlink in ./..\node_modules\zod\v3\types.cjs Restarting...
cPTCG Server running on port 3001
INFO: App serving on 3001...
下午11:18:18 [tsx] change in ./..\node_modules\@babel\runtime\helpers\typeof.js Restarting...
c下午11:18:18 [tsx] change in ./..\node_modules\@hapi\bourne\lib\index.js Restarting...
c下午11:18:18 [tsx] unlink in ./..\node_modules\@koa\router\lib\router.js Restarting...
c下午11:18:19 [tsx] unlink in ./..\node_modules\@paralleldrive\cuid2\index.js Restarting...
c下午11:18:19 [tsx] unlink in ./src\index.ts Restarting...
c下午11:18:19 [tsx] unlink in ./..\node_modules\boardgame.io\dist\cjs\server.js Restarting...
c下午11:18:20 [tsx] unlink in ./..\node_modules\cache-content-type\index.js Restarting...
cPTCG Server running on port 3001
INFO: App serving on 3001...
下午11:18:20 [tsx] change in ./..\node_modules\ee-first\index.js Restarting...
cnode:events:487
      throw er; // Unhandled 'error' event
      ^

Error: listen EADDRINUSE: address already in use :::3001
    at Server.setupListenHandle [as _listen2] (node:net:2009:16)
    at listenInCluster (node:net:2066:12)
    at Server.listen (node:net:2171:7)
    at Application.listen (C:\Users\antonio\Desktop\PTCG\ptcg-game\node_modules\koa-socket-2\index.js:112:27)
    at C:\Users\antonio\Desktop\PTCG\ptcg-game\node_modules\boardgame.io\dist\cjs\server.js:4047:33
    at new Promise (<anonymous>)
    at Object.run (C:\Users\antonio\Desktop\PTCG\ptcg-game\node_modules\boardgame.io\dist\cjs\server.js:4046:19)
Emitted 'error' event on Server instance at:
    at emitErrorNT (node:net:2045:8)
    at process.processTicksAndRejections (node:internal/process/task_queues:90:21) {
  code: 'EADDRINUSE',
  errno: -4091,
  syscall: 'listen',
  address: '::',
  port: 3001
}

Node.js v24.18.0
下午11:18:21 [tsx] unlink in ./..\node_modules\raw-body\index.js Rerunning...
c下午11:18:22 [tsx] unlink in ./..\node_modules\rfc6902\pointer.js Restarting...
cnode:events:487
      throw er; // Unhandled 'error' event
      ^

Error: listen EADDRINUSE: address already in use :::3001
    at Server.setupListenHandle [as _listen2] (node:net:2009:16)
    at listenInCluster (node:net:2066:12)
    at Server.listen (node:net:2171:7)
    at Application.listen (C:\Users\antonio\Desktop\PTCG\ptcg-game\node_modules\koa-socket-2\index.js:112:27)
    at C:\Users\antonio\Desktop\PTCG\ptcg-game\node_modules\boardgame.io\dist\cjs\server.js:4047:33
    at new Promise (<anonymous>)
    at Object.run (C:\Users\antonio\Desktop\PTCG\ptcg-game\node_modules\boardgame.io\dist\cjs\server.js:4046:19)
Emitted 'error' event on Server instance at:
    at emitErrorNT (node:net:2045:8)
    at process.processTicksAndRejections (node:internal/process/task_queues:90:21) {
  code: 'EADDRINUSE',
  errno: -4091,
  syscall: 'listen',
  address: '::',
  port: 3001
}

Node.js v24.18.0
下午11:18:23 [tsx] change in ./..\node_modules\supports-color\index.js Rerunning...
c下午11:18:24 [tsx] change in ./..\node_modules\type-is\index.js Restarting...
c下午11:18:24 [tsx] change in ./..\node_modules\vary\index.js Restarting...
c下午11:18:24 [tsx] change in ./..\node_modules\zod\index.cjs Restarting...
c下午11:18:24 [tsx] unlink in ./..\node_modules\zod\v3\ZodError.cjs Restarting...
cPTCG Server running on port 3001
INFO: App serving on 3001...
下午11:34:22 [tsx] change in ./..\node_modules\accepts\index.js Restarting...
c下午11:34:22 [tsx] change in ./..\node_modules\koa-socket-2\node_modules\ws\lib\sender.js Restarting...
cPTCG Server running on port 3001
INFO: App serving on 3001...
上午12:23:55 [tsx] change in ./src\card-api\tcgdex.ts Restarting...
cnode:events:487
      throw er; // Unhandled 'error' event
      ^

Error: listen EADDRINUSE: address already in use :::3001
    at Server.setupListenHandle [as _listen2] (node:net:2009:16)
    at listenInCluster (node:net:2066:12)
    at Server.listen (node:net:2171:7)
    at Application.listen (C:\Users\antonio\Desktop\PTCG\ptcg-game\node_modules\koa-socket-2\index.js:112:27)
    at C:\Users\antonio\Desktop\PTCG\ptcg-game\node_modules\boardgame.io\dist\cjs\server.js:4047:33
    at new Promise (<anonymous>)
    at Object.run (C:\Users\antonio\Desktop\PTCG\ptcg-game\node_modules\boardgame.io\dist\cjs\server.js:4046:19)
Emitted 'error' event on Server instance at:
    at emitErrorNT (node:net:2045:8)
    at process.processTicksAndRejections (node:internal/process/task_queues:90:21) {
  code: 'EADDRINUSE',
  errno: -4091,
  syscall: 'listen',
  address: '::',
  port: 3001
}

Node.js v24.18.0
上午12:24:02 [tsx] change in ./src\card-api\tcgdex.ts Rerunning...
cPTCG Server running on port 3001
INFO: App serving on 3001...
上午12:24:11 [tsx] change in ./src\card-api\tcgdex.ts Restarting...
cnode:events:487
      throw er; // Unhandled 'error' event
      ^

Error: listen EADDRINUSE: address already in use :::3001
    at Server.setupListenHandle [as _listen2] (node:net:2009:16)
    at listenInCluster (node:net:2066:12)
    at Server.listen (node:net:2171:7)
    at Application.listen (C:\Users\antonio\Desktop\PTCG\ptcg-game\node_modules\koa-socket-2\index.js:112:27)
    at C:\Users\antonio\Desktop\PTCG\ptcg-game\node_modules\boardgame.io\dist\cjs\server.js:4047:33
    at new Promise (<anonymous>)
    at Object.run (C:\Users\antonio\Desktop\PTCG\ptcg-game\node_modules\boardgame.io\dist\cjs\server.js:4046:19)
Emitted 'error' event on Server instance at:
    at emitErrorNT (node:net:2045:8)
    at process.processTicksAndRejections (node:internal/process/task_queues:90:21) {
  code: 'EADDRINUSE',
  errno: -4091,
  syscall: 'listen',
  address: '::',
  port: 3001
}

Node.js v24.18.0
上午12:24:20 [tsx] change in ./src\card-api\tcgdex.ts Rerunning...
cPTCG Server running on port 3001
INFO: App serving on 3001...
[tcgdex] Enriched 91/7436 cards with supertypes from scraped data
上午12:42:51 [tsx] change in ./src\card-api\tcgdex.ts Rerunning...
cnode:events:487
      throw er; // Unhandled 'error' event
      ^

Error: listen EADDRINUSE: address already in use :::3001
    at Server.setupListenHandle [as _listen2] (node:net:2009:16)
    at listenInCluster (node:net:2066:12)
    at Server.listen (node:net:2171:7)
    at Application.listen (C:\Users\antonio\Desktop\PTCG\ptcg-game\node_modules\koa-socket-2\index.js:112:27)
    at C:\Users\antonio\Desktop\PTCG\ptcg-game\node_modules\boardgame.io\dist\cjs\server.js:4047:33
    at new Promise (<anonymous>)
    at Object.run (C:\Users\antonio\Desktop\PTCG\ptcg-game\node_modules\boardgame.io\dist\cjs\server.js:4046:19)
Emitted 'error' event on Server instance at:
    at emitErrorNT (node:net:2045:8)
    at process.processTicksAndRejections (node:internal/process/task_queues:90:21) {
  code: 'EADDRINUSE',
  errno: -4091,
  syscall: 'listen',
  address: '::',
  port: 3001
}

Node.js v24.18.0
上午12:43:06 [tsx] change in ./src\card-api\tcgdex.ts Rerunning...
cPTCG Server running on port 3001
INFO: App serving on 3001...
上午12:43:17 [tsx] change in ./src\card-api\tcgdex.ts Restarting...
cPTCG Server running on port 3001
INFO: App serving on 3001...
上午12:43:26 [tsx] change in ./src\card-api\tcgdex.ts Restarting...
cPTCG Server running on port 3001
INFO: App serving on 3001...
上午12:43:53 [tsx] change in ./src\card-api\tcgdex.ts Restarting...
cnode:events:487
      throw er; // Unhandled 'error' event
      ^

Error: listen EADDRINUSE: address already in use :::3001
    at Server.setupListenHandle [as _listen2] (node:net:2009:16)
    at listenInCluster (node:net:2066:12)
    at Server.listen (node:net:2171:7)
    at Application.listen (C:\Users\antonio\Desktop\PTCG\ptcg-game\node_modules\koa-socket-2\index.js:112:27)
    at C:\Users\antonio\Desktop\PTCG\ptcg-game\node_modules\boardgame.io\dist\cjs\server.js:4047:33
    at new Promise (<anonymous>)
    at Object.run (C:\Users\antonio\Desktop\PTCG\ptcg-game\node_modules\boardgame.io\dist\cjs\server.js:4046:19)
Emitted 'error' event on Server instance at:
    at emitErrorNT (node:net:2045:8)
    at process.processTicksAndRejections (node:internal/process/task_queues:90:21) {
  code: 'EADDRINUSE',
  errno: -4091,
  syscall: 'listen',
  address: '::',
  port: 3001
}

Node.js v24.18.0
上午2:02:39 [tsx] change in ./src\card-api\tcgdex.ts Rerunning...
cnode:events:487
      throw er; // Unhandled 'error' event
      ^

Error: listen EADDRINUSE: address already in use :::3001
    at Server.setupListenHandle [as _listen2] (node:net:2009:16)
    at listenInCluster (node:net:2066:12)
    at Server.listen (node:net:2171:7)
    at Application.listen (C:\Users\antonio\Desktop\PTCG\ptcg-game\node_modules\koa-socket-2\index.js:112:27)
    at C:\Users\antonio\Desktop\PTCG\ptcg-game\node_modules\boardgame.io\dist\cjs\server.js:4047:33
    at new Promise (<anonymous>)
    at Object.run (C:\Users\antonio\Desktop\PTCG\ptcg-game\node_modules\boardgame.io\dist\cjs\server.js:4046:19)
Emitted 'error' event on Server instance at:
    at emitErrorNT (node:net:2045:8)
    at process.processTicksAndRejections (node:internal/process/task_queues:90:21) {
  code: 'EADDRINUSE',
  errno: -4091,
  syscall: 'listen',
  address: '::',
  port: 3001
}

Node.js v24.18.0
下午8:16:47 [tsx] change in ./src\card-api\tcgdex.ts Rerunning...
cnode:events:487
      throw er; // Unhandled 'error' event
      ^

Error: listen EADDRINUSE: address already in use :::3001
    at Server.setupListenHandle [as _listen2] (node:net:2009:16)
    at listenInCluster (node:net:2066:12)
    at Server.listen (node:net:2171:7)
    at Application.listen (C:\Users\antonio\Desktop\PTCG\ptcg-game\node_modules\koa-socket-2\index.js:112:27)
    at C:\Users\antonio\Desktop\PTCG\ptcg-game\node_modules\boardgame.io\dist\cjs\server.js:4047:33
    at new Promise (<anonymous>)
    at Object.run (C:\Users\antonio\Desktop\PTCG\ptcg-game\node_modules\boardgame.io\dist\cjs\server.js:4046:19)
Emitted 'error' event on Server instance at:
    at emitErrorNT (node:net:2045:8)
    at process.processTicksAndRejections (node:internal/process/task_queues:90:21) {
  code: 'EADDRINUSE',
  errno: -4091,
  syscall: 'listen',
  address: '::',
  port: 3001
}

Node.js v24.18.0
下午8:40:53 [tsx] change in ./src\card-api\tcgdex.ts Rerunning...
cnode:events:487
      throw er; // Unhandled 'error' event
      ^

Error: listen EADDRINUSE: address already in use :::3001
    at Server.setupListenHandle [as _listen2] (node:net:2009:16)
    at listenInCluster (node:net:2066:12)
    at Server.listen (node:net:2171:7)
    at Application.listen (C:\Users\antonio\Desktop\PTCG\ptcg-game\node_modules\koa-socket-2\index.js:112:27)
    at C:\Users\antonio\Desktop\PTCG\ptcg-game\node_modules\boardgame.io\dist\cjs\server.js:4047:33
    at new Promise (<anonymous>)
    at Object.run (C:\Users\antonio\Desktop\PTCG\ptcg-game\node_modules\boardgame.io\dist\cjs\server.js:4046:19)
Emitted 'error' event on Server instance at:
    at emitErrorNT (node:net:2045:8)
    at process.processTicksAndRejections (node:internal/process/task_queues:90:21) {
  code: 'EADDRINUSE',
  errno: -4091,
  syscall: 'listen',
  address: '::',
  port: 3001
}

Node.js v24.18.0
下午8:56:24 [tsx] change in ./src\routes\battles.ts Rerunning...
cnode:events:487
      throw er; // Unhandled 'error' event
      ^

Error: listen EADDRINUSE: address already in use :::3001
    at Server.setupListenHandle [as _listen2] (node:net:2009:16)
    at listenInCluster (node:net:2066:12)
    at Server.listen (node:net:2171:7)
    at Application.listen (C:\Users\antonio\Desktop\PTCG\ptcg-game\node_modules\koa-socket-2\index.js:112:27)
    at C:\Users\antonio\Desktop\PTCG\ptcg-game\node_modules\boardgame.io\dist\cjs\server.js:4047:33
    at new Promise (<anonymous>)
    at Object.run (C:\Users\antonio\Desktop\PTCG\ptcg-game\node_modules\boardgame.io\dist\cjs\server.js:4046:19)
Emitted 'error' event on Server instance at:
    at emitErrorNT (node:net:2045:8)
    at process.processTicksAndRejections (node:internal/process/task_queues:90:21) {
  code: 'EADDRINUSE',
  errno: -4091,
  syscall: 'listen',
  address: '::',
  port: 3001
}

Node.js v24.18.0

C:\Users\antonio\Desktop\PTCG\ptcg-game\server>